28-Sep-2026 10:03:39.484 INFO [main] org.apache.catalina.startup.VersionLoggerListener.log Server version name:   Apache Tomcat/10.1.60
28-Sep-2026 10:03:39.490 INFO [main] org.apache.catalina.startup.VersionLoggerListener.log Server built:          Sep 9 2026 22:35:59 UTC
28-Sep-2026 10:03:39.490 INFO [main] org.apache.catalina.startup.VersionLoggerListener.log Server version number: 10.1.60.0
28-Sep-2026 10:03:39.491 INFO [main] org.apache.catalina.startup.VersionLoggerListener.log OS Name:               Windows 11
28-Sep-2026 10:03:39.491 INFO [main] org.apache.catalina.startup.VersionLoggerListener.log OS Version:            10.0
28-Sep-2026 10:03:39.491 INFO [main] org.apache.catalina.startup.VersionLoggerListener.log Architecture:          amd64
28-Sep-2026 10:03:39.491 INFO [main] org.apache.catalina.startup.VersionLoggerListener.log Java Home:             C:\Program Files\Java\jdk-26.0.1
28-Sep-2026 10:03:39.491 INFO [main] org.apache.catalina.startup.VersionLoggerListener.log JVM Version:           26.0.1+8-34
28-Sep-2026 10:03:39.491 INFO [main] org.apache.catalina.startup.VersionLoggerListener.log JVM Vendor:            Oracle Corporation
28-Sep-2026 10:03:39.491 INFO [main] org.apache.catalina.startup.VersionLoggerListener.log CATALINA_BASE:         C:\Cookies-web\cookie-kitchen
28-Sep-2026 10:03:39.491 INFO [main] org.apache.catalina.startup.VersionLoggerListener.log CATALINA_HOME:         C:\tomcat\apache-tomcat-10.1.60
28-Sep-2026 10:03:39.509 INFO [main] org.apache.catalina.startup.VersionLoggerListener.log Command line argument: --add-opens=java.base/java.lang=ALL-UNNAMED
28-Sep-2026 10:03:39.509 INFO [main] org.apache.catalina.startup.VersionLoggerListener.log Command line argument: --add-opens=java.base/java.io=ALL-UNNAMED
28-Sep-2026 10:03:39.509 INFO [main] org.apache.catalina.startup.VersionLoggerListener.log Command line argument: --add-opens=java.base/java.util=ALL-UNNAMED
28-Sep-2026 10:03:39.509 INFO [main] org.apache.catalina.startup.VersionLoggerListener.log Command line argument: --add-opens=java.base/java.util.concurrent=ALL-UNNAMED
28-Sep-2026 10:03:39.509 INFO [main] org.apache.catalina.startup.VersionLoggerListener.log Command line argument: --add-opens=java.rmi/sun.rmi.transport=ALL-UNNAMED
28-Sep-2026 10:03:39.509 INFO [main] org.apache.catalina.startup.VersionLoggerListener.log Command line argument: -Dcatalina.home=C:\..\..\..\..\..\tomcat\apache-tomcat-10.1.60
28-Sep-2026 10:03:39.510 INFO [main] org.apache.catalina.startup.VersionLoggerListener.log Command line argument: -Dcatalina.base=C:\Cookies-web\cookie-kitchen
28-Sep-2026 10:03:39.510 INFO [main] org.apache.catalina.startup.VersionLoggerListener.log Command line argument: -Djava.io.tmpdir=C:\Cookies-web\cookie-kitchen\temp
28-Sep-2026 10:03:39.510 INFO [main] org.apache.catalina.startup.VersionLoggerListener.log Command line argument: -Djava.util.logging.config.file=C:\Cookies-web\cookie-kitchen\conf\logging.properties
28-Sep-2026 10:03:39.510 INFO [main] org.apache.catalina.startup.VersionLoggerListener.log Command line argument: -Djava.util.logging.manager=org.apache.juli.ClassLoaderLogManager
28-Sep-2026 10:03:39.510 INFO [main] org.apache.catalina.startup.VersionLoggerListener.log Command line argument: -javaagent:C:\Program Files\JetBrains\IntelliJ IDEA 2026.2.3\lib\idea_rt.jar=64888
28-Sep-2026 10:03:39.511 INFO [main] org.apache.catalina.startup.VersionLoggerListener.log Command line argument: -Dfile.encoding=UTF-8
28-Sep-2026 10:03:39.511 INFO [main] org.apache.catalina.startup.VersionLoggerListener.log Command line argument: -Dsun.stdout.encoding=UTF-8
28-Sep-2026 10:03:39.511 INFO [main] org.apache.catalina.startup.VersionLoggerListener.log Command line argument: -Dsun.stderr.encoding=UTF-8
28-Sep-2026 10:03:39.519 INFO [main] org.apache.catalina.core.AprLifecycleListener.lifecycleEvent Loaded Apache Tomcat Native library [2.0.16] using APR version [1.7.6].
28-Sep-2026 10:03:39.532 INFO [main] org.apache.catalina.core.AprLifecycleListener.initializeSSL OpenSSL successfully initialized [OpenSSL 3.5.8 25 Aug 2026]
28-Sep-2026 10:03:39.959 INFO [main] org.apache.coyote.AbstractProtocol.init Initializing ProtocolHandler ["http-nio-8080"]
28-Sep-2026 10:03:39.975 INFO [main] org.apache.catalina.startup.Catalina.load Server initialization in [759] milliseconds
28-Sep-2026 10:03:40.052 INFO [main] org.apache.catalina.core.StandardService.startInternal Starting service [Catalina]
28-Sep-2026 10:03:40.052 INFO [main] org.apache.catalina.core.StandardEngine.startInternal Starting Servlet engine: [Apache Tomcat/10.1.60]
28-Sep-2026 10:03:40.066 INFO [main] org.apache.catalina.startup.HostConfig.deployDescriptor Deploying deployment descriptor [C:\Cookies-web\cookie-kitchen\conf\Catalina\localhost\cookie-kitchen.xml]
28-Sep-2026 10:03:41.399 INFO [main] org.apache.jasper.servlet.TldScanner.scanJars At least one JAR was scanned for TLDs yet contained no TLDs. Enable debug logging for this logger for a complete list of JARs that were scanned but no TLDs were found in them. Skipping unneeded JARs during scanning can improve startup time and JSP compilation time.
28-Sep-2026 10:03:41.502 INFO [main] org.apache.catalina.startup.HostConfig.deployDescriptor Deployment of deployment descriptor [C:\Cookies-web\cookie-kitchen\conf\Catalina\localhost\cookie-kitchen.xml] has finished in [1,431] ms
28-Sep-2026 10:03:41.507 INFO [main] org.apache.coyote.AbstractProtocol.start Starting ProtocolHandler ["http-nio-8080"]
28-Sep-2026 10:03:41.541 INFO [main] org.apache.catalina.startup.Catalina.start Server startup in [1562] milliseconds
28-Sep-2026 10:03:51.151 INFO [Thread-1] org.apache.coyote.AbstractProtocol.pause Pausing ProtocolHandler ["http-nio-8080"]
28-Sep-2026 10:03:51.169 INFO [Thread-1] org.apache.catalina.core.StandardService.stopInternal Stopping service [Catalina]
28-Sep-2026 10:03:51.188 INFO [Thread-1] org.apache.coyote.AbstractProtocol.stop Stopping ProtocolHandler ["http-nio-8080"]
28-Sep-2026 10:03:51.196 INFO [Thread-1] org.apache.coyote.AbstractProtocol.destroy Destroying ProtocolHandler ["http-nio-8080"]
